// Vitest Snapshot v1, https://vitest.dev/guide/snapshot.html

exports[`Action menu > ActionDropdownMenu > Remote actions > should handle forms 1`] = `
{
  "data": {
    "entity_id": "test-entity",
    "form_definitions": [
      {
        "default_value": false,
        "key": "boolean",
        "title": "Yes/no",
        "type": "boolean",
      },
      {
        "default_value": "",
        "key": "string",
        "title": "Text to show",
        "type": "string",
      },
      {
        "default_value": "",
        "key": "hub_url",
        "optional": true,
        "title": "Hub URL",
        "type": "hub_url",
      },
      {
        "default_value": "",
        "key": "email",
        "optional": true,
        "title": "Email",
        "type": "email",
      },
      {
        "default_value": null,
        "key": "hinted_user",
        "optional": true,
        "title": "Hinted User",
        "type": "hinted_user",
      },
      {
        "default_value": "",
        "key": "password",
        "optional": true,
        "title": "Password",
        "type": "password",
      },
      {
        "default_value": "",
        "key": "file_path",
        "optional": true,
        "title": "File path",
        "type": "file_path",
      },
      {
        "default_value": "",
        "key": "directory_path",
        "optional": true,
        "title": "Directory path",
        "type": "directory_path",
      },
      {
        "default_value": "",
        "key": "existing_file_path",
        "optional": true,
        "title": "Existing file path",
        "type": "existing_file_path",
      },
      {
        "default_value": "",
        "key": "text",
        "optional": true,
        "title": "Text",
        "type": "text",
      },
      {
        "default_value": [],
        "definitions": [
          {
            "default_value": 1,
            "key": "number",
            "min": 0,
            "title": "Number",
            "type": "number",
          },
          {
            "default_value": "",
            "key": "url",
            "optional": true,
            "title": "URL",
            "type": "url",
          },
        ],
        "item_type": "struct",
        "key": "list",
        "optional": true,
        "title": "List",
        "type": "list",
      },
    ],
    "form_value": {
      "boolean": false,
      "directory_path": null,
      "email": null,
      "existing_file_path": null,
      "file_path": null,
      "hinted_user": null,
      "hub_url": null,
      "list": [],
      "password": null,
      "string": "My text",
      "text": null,
    },
    "hook_id": "airdcpp-test",
    "menuitem_id": "test_form",
    "selected_ids": [
      "test",
    ],
    "supports": [
      "urls",
      "form",
    ],
  },
  "method": "POST",
  "path": "menus/test-remote-menu-id/select",
}
`;

exports[`Action menu > ActionDropdownMenu > Remote actions > should select menu item 1`] = `
{
  "data": {
    "entity_id": "test-entity",
    "form_definitions": null,
    "hook_id": "airdcpp-test",
    "menuitem_id": "test_item_id",
    "selected_ids": [
      "test",
    ],
    "supports": [
      "urls",
      "form",
    ],
  },
  "method": "POST",
  "path": "menus/test-remote-menu-id/select",
}
`;

exports[`Action menu > TableActionMenu > Remote actions > should handle forms 1`] = `
{
  "data": {
    "entity_id": "test-entity",
    "form_definitions": [
      {
        "default_value": false,
        "key": "boolean",
        "title": "Yes/no",
        "type": "boolean",
      },
      {
        "default_value": "",
        "key": "string",
        "title": "Text to show",
        "type": "string",
      },
      {
        "default_value": "",
        "key": "hub_url",
        "optional": true,
        "title": "Hub URL",
        "type": "hub_url",
      },
      {
        "default_value": "",
        "key": "email",
        "optional": true,
        "title": "Email",
        "type": "email",
      },
      {
        "default_value": null,
        "key": "hinted_user",
        "optional": true,
        "title": "Hinted User",
        "type": "hinted_user",
      },
      {
        "default_value": "",
        "key": "password",
        "optional": true,
        "title": "Password",
        "type": "password",
      },
      {
        "default_value": "",
        "key": "file_path",
        "optional": true,
        "title": "File path",
        "type": "file_path",
      },
      {
        "default_value": "",
        "key": "directory_path",
        "optional": true,
        "title": "Directory path",
        "type": "directory_path",
      },
      {
        "default_value": "",
        "key": "existing_file_path",
        "optional": true,
        "title": "Existing file path",
        "type": "existing_file_path",
      },
      {
        "default_value": "",
        "key": "text",
        "optional": true,
        "title": "Text",
        "type": "text",
      },
      {
        "default_value": [],
        "definitions": [
          {
            "default_value": 1,
            "key": "number",
            "min": 0,
            "title": "Number",
            "type": "number",
          },
          {
            "default_value": "",
            "key": "url",
            "optional": true,
            "title": "URL",
            "type": "url",
          },
        ],
        "item_type": "struct",
        "key": "list",
        "optional": true,
        "title": "List",
        "type": "list",
      },
    ],
    "form_value": {
      "boolean": false,
      "directory_path": null,
      "email": null,
      "existing_file_path": null,
      "file_path": null,
      "hinted_user": null,
      "hub_url": null,
      "list": [],
      "password": null,
      "string": "My text",
      "text": null,
    },
    "hook_id": "airdcpp-test",
    "menuitem_id": "test_form",
    "selected_ids": [
      "test",
    ],
    "supports": [
      "urls",
      "form",
    ],
  },
  "method": "POST",
  "path": "menus/test-remote-menu-id/select",
}
`;

exports[`Action menu > TableActionMenu > Remote actions > should select menu item 1`] = `
{
  "data": {
    "entity_id": "test-entity",
    "form_definitions": null,
    "hook_id": "airdcpp-test",
    "menuitem_id": "test_item_id",
    "selected_ids": [
      "test",
    ],
    "supports": [
      "urls",
      "form",
    ],
  },
  "method": "POST",
  "path": "menus/test-remote-menu-id/select",
}
`;
