// Vitest Snapshot v1, https://vitest.dev/guide/snapshot.html

exports[`FavoriteHubDialog > should create new 1`] = `
{
  "data": {
    "auto_connect": false,
    "away_message": null,
    "connection_ip_v4": null,
    "connection_ip_v6": null,
    "connection_mode_v4": null,
    "connection_mode_v6": null,
    "hub_description": null,
    "hub_url": "adcs://example.com:1511",
    "name": "Hub name",
    "nick": null,
    "share_profile": null,
    "show_joins": null,
    "use_main_chat_notify": null,
    "user_description": null,
  },
  "method": "POST",
  "path": "favorite_hubs",
}
`;

exports[`FavoriteHubDialog > should update existing 1`] = `
{
  "data": {
    "name": "Updated name",
  },
  "method": "PATCH",
  "path": "favorite_hubs/703302715",
}
`;
